
     Program POST-PROC v.6.8 starts on 13Aug2025 at  9:32:23 

     This program is part of the open-source Quantum ESPRESSO suite
     for quantum simulation of materials; please cite
         "P. Giannozzi et al., J. Phys.:Condens. Matter 21 395502 (2009);
         "P. Giannozzi et al., J. Phys.:Condens. Matter 29 465901 (2017);
         "P. Giannozzi et al., J. Chem. Phys. 152 154105 (2020);
          URL http://www.quantum-espresso.org", 
     in publications or presentations arising from this work. More details at
     http://www.quantum-espresso.org/quote

     Parallel version (MPI), running on     1 processors

     MPI processes distributed on     1 nodes
     378513 MiB available memory on the printing compute node when the environment starts
 

     Reading xml data from directory:

     ../../out/aiida.save/
     file O.pbesol-n-kjpaw_psl.0.1.UPF: wavefunction(s)  2P renormalized

     IMPORTANT: XC functional enforced from input :
     Exchange-correlation= PBESOL
                           (   1   4  10   8   0   0   0)
     Any further DFT definition will be discarded
     Please, verify this is what you really want

 
     G-vector sticks info
     --------------------
     sticks:   dense  smooth     PW     G-vecs:    dense   smooth      PW
     Sum       11959    5957   1483              4310687  1523803  190433
 
     Using Slab Decomposition
 

     negative rho (up, down):  4.420E-02 0.000E+00

     Calling punch_plot, plot_num =   0
     Writing data to file  rho_tot
     Message from routine chdens:
     output format not set, exiting
 
     POST-PROC    :     39.99s CPU     44.26s WALL

 
   This run was terminated on:   9:33: 7  13Aug2025            

=------------------------------------------------------------------------------=
   JOB DONE.
=------------------------------------------------------------------------------=
